
[2026-08-09T09:17:34+08:00] UNHANDLED FRONTEND EXCEPTION
Traceback (most recent call last):
  File "D:\optical_ml_workspace\optical_ml_workspace\frontend_pyside\features\teaching\unified_workbench.py", line 1599, in mousePressEvent
    super().mousePressEvent(event)
  File "D:\optical_ml_workspace\optical_ml_workspace\frontend_pyside\features\teaching\unified_workbench.py", line 963, in mousePressEvent
    super().mousePressEvent(event)
RuntimeError: Error calling Python override of QGraphicsObject::mousePressEvent(): libshiboken: Internal C++ object (SpatialOpticalNodeItem) already deleted.

[2026-08-09T09:17:35+08:00] UNHANDLED FRONTEND EXCEPTION
Traceback (most recent call last):
  File "D:\optical_ml_workspace\optical_ml_workspace\frontend_pyside\features\teaching\unified_workbench.py", line 1599, in mousePressEvent
    super().mousePressEvent(event)
  File "D:\optical_ml_workspace\optical_ml_workspace\frontend_pyside\features\teaching\unified_workbench.py", line 963, in mousePressEvent
    super().mousePressEvent(event)
RuntimeError: Error calling Python override of QGraphicsObject::mousePressEvent(): libshiboken: Internal C++ object (SpatialOpticalNodeItem) already deleted.

[2026-08-09T09:17:35+08:00] UNHANDLED FRONTEND EXCEPTION
Traceback (most recent call last):
  File "D:\optical_ml_workspace\optical_ml_workspace\frontend_pyside\features\teaching\unified_workbench.py", line 1599, in mousePressEvent
    super().mousePressEvent(event)
  File "D:\optical_ml_workspace\optical_ml_workspace\frontend_pyside\features\teaching\unified_workbench.py", line 963, in mousePressEvent
    super().mousePressEvent(event)
RuntimeError: Error calling Python override of QGraphicsObject::mousePressEvent(): libshiboken: Internal C++ object (SpatialOpticalNodeItem) already deleted.

[2026-08-09T09:17:38+08:00] UNHANDLED FRONTEND EXCEPTION
Traceback (most recent call last):
  File "D:\optical_ml_workspace\optical_ml_workspace\frontend_pyside\features\teaching\unified_workbench.py", line 1599, in mousePressEvent
    super().mousePressEvent(event)
  File "D:\optical_ml_workspace\optical_ml_workspace\frontend_pyside\features\teaching\unified_workbench.py", line 963, in mousePressEvent
    super().mousePressEvent(event)
RuntimeError: Error calling Python override of QGraphicsObject::mousePressEvent(): libshiboken: Internal C++ object (SpatialOpticalNodeItem) already deleted.

[2026-08-09T09:17:38+08:00] UNHANDLED FRONTEND EXCEPTION
Traceback (most recent call last):
  File "D:\optical_ml_workspace\optical_ml_workspace\frontend_pyside\features\teaching\unified_workbench.py", line 1599, in mousePressEvent
    super().mousePressEvent(event)
  File "D:\optical_ml_workspace\optical_ml_workspace\frontend_pyside\features\teaching\unified_workbench.py", line 963, in mousePressEvent
    super().mousePressEvent(event)
RuntimeError: Error calling Python override of QGraphicsObject::mousePressEvent(): libshiboken: Internal C++ object (SpatialOpticalNodeItem) already deleted.

[2026-08-09T09:17:39+08:00] UNHANDLED FRONTEND EXCEPTION
Traceback (most recent call last):
  File "D:\optical_ml_workspace\optical_ml_workspace\frontend_pyside\features\teaching\unified_workbench.py", line 1599, in mousePressEvent
    super().mousePressEvent(event)
  File "D:\optical_ml_workspace\optical_ml_workspace\frontend_pyside\features\teaching\unified_workbench.py", line 963, in mousePressEvent
    super().mousePressEvent(event)
RuntimeError: Error calling Python override of QGraphicsObject::mousePressEvent(): libshiboken: Internal C++ object (SpatialOpticalNodeItem) already deleted.

[2026-08-09T09:17:39+08:00] UNHANDLED FRONTEND EXCEPTION
Traceback (most recent call last):
  File "D:\optical_ml_workspace\optical_ml_workspace\frontend_pyside\features\teaching\unified_workbench.py", line 1599, in mousePressEvent
    super().mousePressEvent(event)
  File "D:\optical_ml_workspace\optical_ml_workspace\frontend_pyside\features\teaching\unified_workbench.py", line 963, in mousePressEvent
    super().mousePressEvent(event)
RuntimeError: Error calling Python override of QGraphicsObject::mousePressEvent(): libshiboken: Internal C++ object (SpatialOpticalNodeItem) already deleted.

[2026-08-09T09:17:40+08:00] UNHANDLED FRONTEND EXCEPTION
Traceback (most recent call last):
  File "D:\optical_ml_workspace\optical_ml_workspace\frontend_pyside\features\teaching\unified_workbench.py", line 1599, in mousePressEvent
    super().mousePressEvent(event)
  File "D:\optical_ml_workspace\optical_ml_workspace\frontend_pyside\features\teaching\unified_workbench.py", line 963, in mousePressEvent
    super().mousePressEvent(event)
RuntimeError: Error calling Python override of QGraphicsObject::mousePressEvent(): libshiboken: Internal C++ object (SpatialOpticalNodeItem) already deleted.

[2026-08-09T09:17:40+08:00] UNHANDLED FRONTEND EXCEPTION
Traceback (most recent call last):
  File "D:\optical_ml_workspace\optical_ml_workspace\frontend_pyside\features\teaching\unified_workbench.py", line 1599, in mousePressEvent
    super().mousePressEvent(event)
  File "D:\optical_ml_workspace\optical_ml_workspace\frontend_pyside\features\teaching\unified_workbench.py", line 963, in mousePressEvent
    super().mousePressEvent(event)
RuntimeError: Error calling Python override of QGraphicsObject::mousePressEvent(): libshiboken: Internal C++ object (SpatialOpticalNodeItem) already deleted.

[2026-08-09T09:17:41+08:00] UNHANDLED FRONTEND EXCEPTION
Traceback (most recent call last):
  File "D:\optical_ml_workspace\optical_ml_workspace\frontend_pyside\features\teaching\unified_workbench.py", line 1599, in mousePressEvent
    super().mousePressEvent(event)
  File "D:\optical_ml_workspace\optical_ml_workspace\frontend_pyside\features\teaching\unified_workbench.py", line 963, in mousePressEvent
    super().mousePressEvent(event)
RuntimeError: Error calling Python override of QGraphicsObject::mousePressEvent(): libshiboken: Internal C++ object (SpatialOpticalNodeItem) already deleted.

[2026-08-09T09:17:48+08:00] UNHANDLED FRONTEND EXCEPTION
Traceback (most recent call last):
  File "D:\optical_ml_workspace\optical_ml_workspace\frontend_pyside\features\teaching\unified_workbench.py", line 1599, in mousePressEvent
    super().mousePressEvent(event)
  File "D:\optical_ml_workspace\optical_ml_workspace\frontend_pyside\features\teaching\unified_workbench.py", line 963, in mousePressEvent
    super().mousePressEvent(event)
RuntimeError: Error calling Python override of QGraphicsObject::mousePressEvent(): libshiboken: Internal C++ object (SpatialOpticalNodeItem) already deleted.

[2026-08-09T09:17:49+08:00] UNHANDLED FRONTEND EXCEPTION
Traceback (most recent call last):
  File "D:\optical_ml_workspace\optical_ml_workspace\frontend_pyside\features\teaching\unified_workbench.py", line 1599, in mousePressEvent
    super().mousePressEvent(event)
  File "D:\optical_ml_workspace\optical_ml_workspace\frontend_pyside\features\teaching\unified_workbench.py", line 963, in mousePressEvent
    super().mousePressEvent(event)
RuntimeError: Error calling Python override of QGraphicsObject::mousePressEvent(): libshiboken: Internal C++ object (SpatialOpticalNodeItem) already deleted.

[2026-08-09T09:17:50+08:00] UNHANDLED FRONTEND EXCEPTION
Traceback (most recent call last):
  File "D:\optical_ml_workspace\optical_ml_workspace\frontend_pyside\features\teaching\unified_workbench.py", line 1599, in mousePressEvent
    super().mousePressEvent(event)
  File "D:\optical_ml_workspace\optical_ml_workspace\frontend_pyside\features\teaching\unified_workbench.py", line 963, in mousePressEvent
    super().mousePressEvent(event)
RuntimeError: Error calling Python override of QGraphicsObject::mousePressEvent(): libshiboken: Internal C++ object (SpatialOpticalNodeItem) already deleted.

[2026-08-09T09:17:50+08:00] UNHANDLED FRONTEND EXCEPTION
Traceback (most recent call last):
  File "D:\optical_ml_workspace\optical_ml_workspace\frontend_pyside\features\teaching\unified_workbench.py", line 1599, in mousePressEvent
    super().mousePressEvent(event)
  File "D:\optical_ml_workspace\optical_ml_workspace\frontend_pyside\features\teaching\unified_workbench.py", line 963, in mousePressEvent
    super().mousePressEvent(event)
RuntimeError: Error calling Python override of QGraphicsObject::mousePressEvent(): libshiboken: Internal C++ object (SpatialOpticalNodeItem) already deleted.

[2026-08-09T09:17:51+08:00] UNHANDLED FRONTEND EXCEPTION
Traceback (most recent call last):
  File "D:\optical_ml_workspace\optical_ml_workspace\frontend_pyside\features\teaching\unified_workbench.py", line 1599, in mousePressEvent
    super().mousePressEvent(event)
  File "D:\optical_ml_workspace\optical_ml_workspace\frontend_pyside\features\teaching\unified_workbench.py", line 963, in mousePressEvent
    super().mousePressEvent(event)
RuntimeError: Error calling Python override of QGraphicsObject::mousePressEvent(): libshiboken: Internal C++ object (SpatialOpticalNodeItem) already deleted.

[2026-08-09T09:17:51+08:00] UNHANDLED FRONTEND EXCEPTION
Traceback (most recent call last):
  File "D:\optical_ml_workspace\optical_ml_workspace\frontend_pyside\features\teaching\unified_workbench.py", line 963, in mousePressEvent
    super().mousePressEvent(event)
RuntimeError: libshiboken: Internal C++ object (SpatialOpticalNodeItem) already deleted.

[2026-08-09T09:17:51+08:00] UNHANDLED FRONTEND EXCEPTION
Traceback (most recent call last):
  File "D:\optical_ml_workspace\optical_ml_workspace\frontend_pyside\features\teaching\unified_workbench.py", line 1599, in mousePressEvent
    super().mousePressEvent(event)
  File "D:\optical_ml_workspace\optical_ml_workspace\frontend_pyside\features\teaching\unified_workbench.py", line 963, in mousePressEvent
    super().mousePressEvent(event)
RuntimeError: Error calling Python override of QGraphicsObject::mousePressEvent(): libshiboken: Internal C++ object (SpatialOpticalNodeItem) already deleted.

[2026-08-09T09:17:51+08:00] UNHANDLED FRONTEND EXCEPTION
Traceback (most recent call last):
  File "D:\optical_ml_workspace\optical_ml_workspace\frontend_pyside\features\teaching\unified_workbench.py", line 963, in mousePressEvent
    super().mousePressEvent(event)
RuntimeError: libshiboken: Internal C++ object (SpatialOpticalNodeItem) already deleted.

[2026-08-09T09:17:53+08:00] UNHANDLED FRONTEND EXCEPTION
Traceback (most recent call last):
  File "D:\optical_ml_workspace\optical_ml_workspace\frontend_pyside\features\teaching\unified_workbench.py", line 1599, in mousePressEvent
    super().mousePressEvent(event)
  File "D:\optical_ml_workspace\optical_ml_workspace\frontend_pyside\features\teaching\unified_workbench.py", line 963, in mousePressEvent
    super().mousePressEvent(event)
RuntimeError: Error calling Python override of QGraphicsObject::mousePressEvent(): libshiboken: Internal C++ object (SpatialOpticalNodeItem) already deleted.

[2026-08-09T09:17:54+08:00] UNHANDLED FRONTEND EXCEPTION
Traceback (most recent call last):
  File "D:\optical_ml_workspace\optical_ml_workspace\frontend_pyside\features\teaching\unified_workbench.py", line 963, in mousePressEvent
    super().mousePressEvent(event)
RuntimeError: libshiboken: Internal C++ object (SpatialOpticalNodeItem) already deleted.

[2026-08-09T09:17:55+08:00] UNHANDLED FRONTEND EXCEPTION
Traceback (most recent call last):
  File "D:\optical_ml_workspace\optical_ml_workspace\frontend_pyside\features\teaching\unified_workbench.py", line 1599, in mousePressEvent
    super().mousePressEvent(event)
  File "D:\optical_ml_workspace\optical_ml_workspace\frontend_pyside\features\teaching\unified_workbench.py", line 963, in mousePressEvent
    super().mousePressEvent(event)
RuntimeError: Error calling Python override of QGraphicsObject::mousePressEvent(): libshiboken: Internal C++ object (SpatialOpticalNodeItem) already deleted.

[2026-08-09T09:17:55+08:00] UNHANDLED FRONTEND EXCEPTION
Traceback (most recent call last):
  File "D:\optical_ml_workspace\optical_ml_workspace\frontend_pyside\features\teaching\unified_workbench.py", line 1599, in mousePressEvent
    super().mousePressEvent(event)
  File "D:\optical_ml_workspace\optical_ml_workspace\frontend_pyside\features\teaching\unified_workbench.py", line 963, in mousePressEvent
    super().mousePressEvent(event)
RuntimeError: Error calling Python override of QGraphicsObject::mousePressEvent(): libshiboken: Internal C++ object (SpatialOpticalNodeItem) already deleted.

[2026-08-09T09:17:56+08:00] UNHANDLED FRONTEND EXCEPTION
Traceback (most recent call last):
  File "D:\optical_ml_workspace\optical_ml_workspace\frontend_pyside\features\teaching\unified_workbench.py", line 1599, in mousePressEvent
    super().mousePressEvent(event)
  File "D:\optical_ml_workspace\optical_ml_workspace\frontend_pyside\features\teaching\unified_workbench.py", line 963, in mousePressEvent
    super().mousePressEvent(event)
RuntimeError: Error calling Python override of QGraphicsObject::mousePressEvent(): libshiboken: Internal C++ object (SpatialOpticalNodeItem) already deleted.

[2026-08-09T09:17:57+08:00] UNHANDLED FRONTEND EXCEPTION
Traceback (most recent call last):
  File "D:\optical_ml_workspace\optical_ml_workspace\frontend_pyside\features\teaching\unified_workbench.py", line 1599, in mousePressEvent
    super().mousePressEvent(event)
  File "D:\optical_ml_workspace\optical_ml_workspace\frontend_pyside\features\teaching\unified_workbench.py", line 963, in mousePressEvent
    super().mousePressEvent(event)
RuntimeError: Error calling Python override of QGraphicsObject::mousePressEvent(): libshiboken: Internal C++ object (SpatialOpticalNodeItem) already deleted.

[2026-08-09T09:17:57+08:00] UNHANDLED FRONTEND EXCEPTION
Traceback (most recent call last):
  File "D:\optical_ml_workspace\optical_ml_workspace\frontend_pyside\features\teaching\unified_workbench.py", line 963, in mousePressEvent
    super().mousePressEvent(event)
RuntimeError: libshiboken: Internal C++ object (SpatialOpticalNodeItem) already deleted.
